<html>
<body>
<pre>
<h1>µVision Build Log</h1>
<h2>Tool Versions:</h2>
IDE-Version: ¦ÌVision V5.21.1.0
Copyright (C) 2016 ARM Ltd and ARM Germany GmbH. All rights reserved.
License Information: sss jianwei, sss, LIC=JDAUH-WXSZJ-YC2J1-C18DI-UXXRI-VXU56
 
Tool Versions:
Toolchain:       MDK-ARM Professional  Version: 5.21a
Toolchain Path:  C:\Keil_v5\ARM\ARMCC\Bin
C Compiler:      Armcc.exe V5.06 update 3 (build 300)
Assembler:       Armasm.exe V5.06 update 3 (build 300)
Linker/Locator:  ArmLink.exe V5.06 update 3 (build 300)
Library Manager: ArmAr.exe V5.06 update 3 (build 300)
Hex Converter:   FromElf.exe V5.06 update 3 (build 300)
CPU DLL:         SARMCM3.DLL V5.21a
Dialog DLL:      DARMCM1.DLL V1.14.0.0
Target DLL:      STLink\ST-LINKIII-KEIL_SWO.dll V2.0.18.0
Dialog DLL:      TARMCM1.DLL V1.10.0.0
 
<h2>Project:</h2>
F:\workplace\count display\code\sonix evb\3.SN7312_IIC_OLED\SNC7312.uvprojx
Project File Date:  05/20/2018

<h2>Output:</h2>
*** Using Compiler 'V5.06 update 3 (build 300)', folder: 'C:\Keil_v5\ARM\ARMCC\Bin'
Build target 'Target 1'
compiling count.c...
src\count.c(27): warning:  #188-D: enumerated type mixed with another type
  	keytype = 0;
src\count.c(105): warning:  #223-D: function "OLED_CLS_Windows" declared implicitly
  		OLED_CLS_Windows(16,0,48,2);
src\count.c(119): warning:  #223-D: function "OLED_CLS_Windows" declared implicitly
  		OLED_CLS_Windows(4,2,60,4);
src\count.c(128): warning:  #223-D: function "OLED_CLS_Windows" declared implicitly
  		OLED_CLS_Windows(12,1,52,3);
src\count.c(146): warning:  #188-D: enumerated type mixed with another type
  			sysinfo.language = stage_loopcnt;
src\count.c(150): warning:  #188-D: enumerated type mixed with another type
  			sysinfo.language = stage_loopcnt;
src\count.c(220): warning:  #223-D: function "OLED_CLS_Windows" declared implicitly
  		OLED_CLS_Windows(16,0,48,2);
src\count.c(239): warning:  #223-D: function "OLED_CLS_Windows" declared implicitly
  		OLED_CLS_Windows(12,2,28,4);
src\count.c(257): warning:  #223-D: function "OLED_CLS_Windows" declared implicitly
  		OLED_CLS_Windows(36,2,54,4);
src\count.c(365): warning:  #223-D: function "OLED_CLS_Windows" declared implicitly
  			OLED_CLS_Windows(8,0,56,2);
src\count.c(377): warning:  #223-D: function "OLED_CLS_Windows" declared implicitly
  			OLED_CLS_Windows(16,0,48,2);
src\count.c(396): warning:  #223-D: function "OLED_CLS_Windows" declared implicitly
  			OLED_CLS_Windows(4,2,60,4);
src\count.c(410): warning:  #223-D: function "OLED_CLS_Windows" declared implicitly
  			OLED_CLS_Windows(0,2,64,4);
src\count.c(440): warning:  #188-D: enumerated type mixed with another type
  			sysinfo.numtype = stage_loopcnt;
src\count.c(510): warning:  #223-D: function "OLED_CLS_Windows" declared implicitly
  		OLED_CLS_Windows(6,0,64,2);
src\count.c(521): warning:  #223-D: function "OLED_CLS_Windows" declared implicitly
  		OLED_CLS_Windows(0,2,64,4);
src\count.c(619): warning:  #223-D: function "OLED_CLS_Windows" declared implicitly
  			OLED_CLS_Windows(6,0,56,2);
src\count.c(631): warning:  #223-D: function "OLED_CLS_Windows" declared implicitly
  			OLED_CLS_Windows(16,0,48,2);
src\count.c(650): warning:  #223-D: function "OLED_CLS_Windows" declared implicitly
  			OLED_CLS_Windows(10,2,34,4);
src\count.c(661): warning:  #223-D: function "OLED_CLS_Windows" declared implicitly
  			OLED_CLS_Windows(12,2,28,4);
src\count.c(680): warning:  #223-D: function "OLED_CLS_Windows" declared implicitly
  			OLED_CLS_Windows(38,2,54,4);
src\count.c(691): warning:  #223-D: function "OLED_CLS_Windows" declared implicitly
  			OLED_CLS_Windows(36,2,52,4);
src\count.c(772): warning:  #223-D: function "OLED_CLS_Windows" declared implicitly
  			OLED_CLS_Windows(6,0,56,2);
src\count.c(784): warning:  #223-D: function "OLED_CLS_Windows" declared implicitly
  			OLED_CLS_Windows(16,0,48,2);
src\count.c(907): warning:  #223-D: function "OLED_Set_Pos" declared implicitly
  			OLED_Set_Pos(7,1);
src\count.c(913): warning:  #223-D: function "Delay1usFor96MHz" declared implicitly
  			Delay1usFor96MHz(1000 * 2000);
src\count.c(916): warning:  #223-D: function "OLED_CLS_Windows" declared implicitly
  			OLED_CLS_Windows(12,1,52,3);
src\count.c(927): warning:  #223-D: function "OLED_Display_On" declared implicitly
  				OLED_Display_On();
src\count.c(935): warning:  #223-D: function "OLED_Display_Off" declared implicitly
  			OLED_Display_Off();
src\count.c(945): warning:  #1-D: last line of file ends without a newline
  }
src\count.c: 30 warnings, 0 errors
linking...
Program Size: Code=6844 RO-data=264 RW-data=1320 ZI-data=1552  
After Build - User command #1: fromelf --bin ".\obj\SNC7312.axf" --output ".\obj\SNC7312.bin"
".\obj\SNC7312.axf" - 0 Error(s), 30 Warning(s).

<h2>Software Packages used:</h2>

Package Vendor: ARM
                http://www.keil.com/pack/ARM.CMSIS.4.5.0.pack
                ARM::CMSIS:CORE:4.3.0
                CMSIS (Cortex Microcontroller Software Interface Standard)
   * Component: CORE Version: 4.3.0

<h2>Collection of Component include folders:</h2>
  F:\workplace\count display\code\sonix evb\3.SN7312_IIC_OLED\RTE
  C:\Keil_v5\ARM\PACK\ARM\CMSIS\4.5.0\CMSIS\Include
  C:\Keil_v5\ARM\PACK\ARM\CMSIS\4.5.0\Device\ARM\ARMCM0\Include

<h2>Collection of Component Files used:</h2>

   * Component: ARM::CMSIS:CORE:4.3.0
Build Time Elapsed:  00:00:01
</pre>
</body>
</html>
